00:00 +0: loading C:/src/librarymanager/test/features/inventory/domain/services/spine_mapping_service_test.dart
00:00 +0: SpineMappingService Standard Arabic: Al-Adwaa Arabic 1st Prep
00:00 +0 -1: SpineMappingService Standard Arabic: Al-Adwaa Arabic 1st Prep [E]
  Expected: BookSearchQuery:<BookSearchQuery(publisher: ╪º┘ä╪º╪╢┘ê╪º╪í, subject: ╪╣╪▒╪¿┘è, grade: 1╪╣, term: null, part: null)>
    Actual: BookSearchQuery:<BookSearchQuery(publisher: ╪º┘ä╪º╪╢┘ê╪º╪í, subject: ╪╣╪▒╪¿┘è, grade: 1╪¿, term: null, part: null)>
  
  package:matcher                                                               expect
  package:flutter_test/src/widget_tester.dart 473:18                            expect
  test\features\inventory\domain\services\spine_mapping_service_test.dart 17:7  main.<fn>.<fn>
  
00:00 +0 -1: SpineMappingService Standard English: Gem English First Prep
00:00 +1 -1: SpineMappingService Implicit Subject: Gem Second Secondary (Default to English)
00:00 +2 -1: SpineMappingService Implicit Subject: Newton (Physics)
00:00 +2 -2: SpineMappingService Implicit Subject: Newton (Physics) [E]
  Expected: BookSearchQuery:<BookSearchQuery(publisher: ┘å┘è┘ê╪¬┘å, subject: ┘ü┘è╪▓┘è╪º╪í, grade: 3╪½, term: null, part: null)>
    Actual: BookSearchQuery:<BookSearchQuery(publisher: ┘å┘è┘ê╪¬┘å, subject: ┘ü┘è╪▓┘è╪º╪í, grade: 3╪¿, term: null, part: null)>
  
  package:matcher                                                               expect
  package:flutter_test/src/widget_tester.dart 473:18                            expect
  test\features\inventory\domain\services\spine_mapping_service_test.dart 55:7  main.<fn>.<fn>
  
00:00 +2 -2: SpineMappingService Social Studies Mapping: Social -> ┘à┘ê╪º╪»
00:00 +3 -2: SpineMappingService Term Extraction: Term 1 -> ╪¼1
00:00 +3 -3: SpineMappingService Term Extraction: Term 1 -> ╪¼1 [E]
  Expected: BookSearchQuery:<BookSearchQuery(publisher: ╪º┘ä┘à╪╣╪º╪╡╪▒, subject: ╪▒┘è╪º╪╢┘ç, grade: 2╪╣, term: ╪¼1, part: null)>
    Actual: BookSearchQuery:<BookSearchQuery(publisher: ╪º┘ä┘à╪╣╪º╪╡╪▒, subject: ╪▒┘è╪º╪╢┘ç, grade: null, term: ╪¼1, part: null)>
  
  package:matcher                                                               expect
  package:flutter_test/src/widget_tester.dart 473:18                            expect
  test\features\inventory\domain\services\spine_mapping_service_test.dart 74:7  main.<fn>.<fn>
  
00:00 +3 -3: SpineMappingService Normalization and Alef handling: ╪ú┘ê┘ä┘ë ╪Ñ╪╣╪»╪º╪»┘è
00:00 +3 -4: SpineMappingService Normalization and Alef handling: ╪ú┘ê┘ä┘ë ╪Ñ╪╣╪»╪º╪»┘è [E]
  Expected: BookSearchQuery:<BookSearchQuery(publisher: ╪º┘ä╪º┘à╪¬╪¡╪º┘å, subject: ┘à┘ê╪º╪», grade: 1╪╣, term: null, part: null)>
    Actual: BookSearchQuery:<BookSearchQuery(publisher: ╪º┘ä╪º┘à╪¬╪¡╪º┘å, subject: ┘à┘ê╪º╪», grade: 1╪¿, term: null, part: null)>
  
  package:matcher                                                               expect
  package:flutter_test/src/widget_tester.dart 473:18                            expect
  test\features\inventory\domain\services\spine_mapping_service_test.dart 97:7  main.<fn>.<fn>
  
00:00 +3 -4: Some tests failed.
